exports[`<Button /> renders correctly 1`] = `
<button
  className="base material-icons"
  onClick={[Function]}>
  menu
</button>
`;
