exports[`<Header /> renders correctly 1`] = `
<div
  className="base">
  <button
    className="base button material-icons"
    onClick={[Function]}>
    menu
  </button>
</div>
`;
